[     865ms] [LOG] Will not send fingerprint @ https://mcstaging.fahorro.com/marketplace-inicio:744
[     866ms] [LOG] undefined @ https://mcstaging.fahorro.com/marketplace-inicio:744
[   14149ms] [LOG] Will not send fingerprint @ https://mcstaging.fahorro.com/marketplace/provider/form:565
[   14149ms] [LOG] undefined @ https://mcstaging.fahorro.com/marketplace/provider/form:565
[   15528ms] [ERROR] Failed to load resource: the server responded with a status of 404 () @ https://mcstaging.fahorro.com/static/version1787608120/frontend/Magento/base/default/Fda_Marketplace/css/images/ui-icons_777777_256x240.png:0
[   15715ms] Uncaught TypeError: Cannot read properties of null (reading 'cancelled')
    at a.finish (https://js-agent.newrelic.com/nr-spa-1216.min.js:0:29558)
    at <anonymous> (https://js-agent.newrelic.com/nr-spa-1216.min.js:1:2400)
    at <anonymous> (https://js-agent.newrelic.com/nr-spa-1216.min.js:0:4336)
    at r (https://js-agent.newrelic.com/nr-spa-1216.min.js:1:17448)
    at r (https://js-agent.newrelic.com/nr-spa-1216.min.js:0:4260)
    at n.exports (https://js-agent.newrelic.com/nr-spa-1216.min.js:0:4473)
    at n.exports (https://js-agent.newrelic.com/nr-spa-1216.min.js:0:5506)
    at <anonymous> (https://bam.nr-data.net/1/NRJS-df86b166cb1c30a043b?a=1036878683&v=1216.487a282&to=YFNbNhRSV0pSVUdQX1kZeAESWlZXHENdUl5YQVc%3D&rst=1403&ck=1&ref=https://mcstaging.fahorro.com/marketplace/provider/form&ap=1615&be=165&fe=945&dc=186&af=err,xhr,stn,ins,spa&perf=%7B%22timing%22:%7B%22of%22:1787747524301,%22n%22:0,%22u%22:65,%22ue%22:65,%22f%22:12,%22dn%22:12,%22dne%22:12,%22c%22:12,%22ce%22:12,%22rq%22:14,%22rp%22:42,%22rpe%22:44,%22dl%22:71,%22di%22:182,%22ds%22:182,%22de%22:186,%22dc%22:942,%22l%22:942,%22le%22:945%7D,%22navigation%22:%7B%7D%7D&fp=192&fcp=692&at=TBRYQFxIREQ%3D&jsonp=NREUM.setToken:0:6)
[ 2555511ms] [ERROR] Failed to load resource: net::ERR_INTERNET_DISCONNECTED @ https://bam.nr-data.net/events/1/NRJS-df86b166cb1c30a043b?a=1036878683&v=1.320.1&to=YFNbNhRSV0pSVUdQX1kZeAESWlZXHENdUl5YQVc%3D&rst=2540920&ck=0&s=c1ef33dbe1fe19af&ref=https://mcstaging.fahorro.com/marketplace/provider/form&ptid=d0c1eda352fb9aaf&ht=1:0
[ 2555513ms] [ERROR] Failed to load resource: net::ERR_INTERNET_DISCONNECTED @ https://bam.nr-data.net/jserrors/1/NRJS-df86b166cb1c30a043b?a=1036878683&v=1.320.1&to=YFNbNhRSV0pSVUdQX1kZeAESWlZXHENdUl5YQVc%3D&rst=2540892&ck=0&s=c1ef33dbe1fe19af&ref=https://mcstaging.fahorro.com/marketplace/provider/form&ptid=d0c1eda352fb9aaf&ht=1:0
[ 2555513ms] [ERROR] Failed to load resource: net::ERR_INTERNET_DISCONNECTED @ https://bam.nr-data.net/browser/blobs?browser_monitoring_key=NRJS-df86b166cb1c30a043b&type=BrowserSessionChunk&app_id=1036878683&protocol_version=0&timestamp=1787747679800&attributes=entityGuid%3DMzkxOTU2NnxCUk9XU0VSfEFQUExJQ0FUSU9OfDExMjAxOTA0NDc%26harvestId%3Dc1ef33dbe1fe19af_d0c1eda352fb9aaf_13%26trace.firstTimestamp%3D1787747679800%26trace.lastTimestamp%3D1787747681438%26trace.nodes%3D11%26trace.originTimestamp%3D1787747523456%26agentVersion%3D1.320.1%26ptid%3Dd0c1eda352fb9aaf%26session%3Dc1ef33dbe1fe19af%26currentUrl%3Dhttps://mcstaging.fahorro.com/marketplace/provider/form:0
[ 2555517ms] [ERROR] Failed to load resource: net::ERR_INTERNET_DISCONNECTED @ https://browser-intake-datadoghq.com/api/v2/replay?ddsource=browser&dd-api-key=pub8ca29b3e33c809a23704b2de928598cd&dd-evp-origin-version=6.33.0&dd-evp-origin=browser&dd-request-id=8d2aad04-4fa6-489e-9c50-1fa2d725b775:0
[ 2555518ms] [ERROR] Failed to load resource: net::ERR_INTERNET_DISCONNECTED @ https://browser-intake-datadoghq.com/api/v2/rum?ddsource=browser&dd-api-key=pub8ca29b3e33c809a23704b2de928598cd&dd-evp-origin-version=6.33.0&dd-evp-origin=browser&dd-request-id=3721c5e8-9106-4c11-b365-944a06978532&batch_time=1787750065092&_dd.api=fetch:0
[ 2556539ms] [ERROR] Failed to load resource: net::ERR_INTERNET_DISCONNECTED @ https://browser-intake-datadoghq.com/api/v2/replay?ddsource=browser&dd-api-key=pub8ca29b3e33c809a23704b2de928598cd&dd-evp-origin-version=6.33.0&dd-evp-origin=browser&dd-request-id=3355c71d-e7b3-4fb2-bb1a-f8c68f762dd3:0
[ 2556556ms] [ERROR] Failed to load resource: net::ERR_INTERNET_DISCONNECTED @ https://browser-intake-datadoghq.com/api/v2/rum?ddsource=browser&dd-api-key=pub8ca29b3e33c809a23704b2de928598cd&dd-evp-origin-version=6.33.0&dd-evp-origin=browser&dd-request-id=af8f8099-8d88-406b-b7c1-e163a9c371a5&batch_time=1787750066984&_dd.api=fetch&_dd.retry_count=1&_dd.retry_after=0:0
[ 3411774ms] [ERROR] Failed to load resource: net::ERR_INTERNET_DISCONNECTED @ https://bam.nr-data.net/jserrors/1/NRJS-df86b166cb1c30a043b?a=1036878683&v=1.320.1&to=YFNbNhRSV0pSVUdQX1kZeAESWlZXHENdUl5YQVc%3D&rst=3397458&ck=0&s=2b61ee7a2aa19abc&ref=https://mcstaging.fahorro.com/marketplace/provider/form&ptid=d0c1eda352fb9aaf:0
[ 3411781ms] [ERROR] Failed to load resource: net::ERR_INTERNET_DISCONNECTED @ https://bam.nr-data.net/events/1/NRJS-df86b166cb1c30a043b?a=1036878683&v=1.320.1&to=YFNbNhRSV0pSVUdQX1kZeAESWlZXHENdUl5YQVc%3D&rst=3397484&ck=0&s=2b61ee7a2aa19abc&ref=https://mcstaging.fahorro.com/marketplace/provider/form&ptid=d0c1eda352fb9aaf:0
[ 3411783ms] [ERROR] Failed to load resource: net::ERR_INTERNET_DISCONNECTED @ https://browser-intake-datadoghq.com/api/v2/replay?ddsource=browser&dd-api-key=pub8ca29b3e33c809a23704b2de928598cd&dd-evp-origin-version=6.33.0&dd-evp-origin=browser&dd-request-id=0aa581a4-dfbf-494c-9e9b-91d80ca31fa4:0
[ 3411785ms] [ERROR] Failed to load resource: net::ERR_INTERNET_DISCONNECTED @ https://browser-intake-datadoghq.com/api/v2/rum?ddsource=browser&dd-api-key=pub8ca29b3e33c809a23704b2de928598cd&dd-evp-origin-version=6.33.0&dd-evp-origin=browser&dd-request-id=3ded0724-de5f-456e-85cf-5a991dc73065&batch_time=1787750921692&_dd.api=fetch&_dd.retry_count=2&_dd.retry_after=0:0
[ 3416601ms] [ERROR] Failed to load resource: net::ERR_NETWORK_CHANGED @ https://browser-intake-datadoghq.com/api/v2/rum?ddsource=browser&dd-api-key=pub8ca29b3e33c809a23704b2de928598cd&dd-evp-origin-version=6.33.0&dd-evp-origin=browser&dd-request-id=707f9feb-05cf-45f1-a0c4-54c375de0644&batch_time=1787750926281&_dd.api=fetch&_dd.retry_count=3&_dd.retry_after=0:0
[ 3548907ms] [ERROR] Failed to load resource: the server responded with a status of 404 () @ https://mcstaging.fahorro.com/static/version1787608120/frontend/Magento/base/default/Fda_Marketplace/css/images/ui-icons_555555_256x240.png:0
[ 3640247ms] [ERROR] Failed to load resource: the server responded with a status of 404 () @ https://mcstaging.fahorro.com/static/version1787608120/frontend/Magento/base/default/Fda_Marketplace/css/images/ui-icons_ffffff_256x240.png:0
[ 3920829ms] [ERROR] Failed to load resource: net::ERR_ADDRESS_UNREACHABLE @ https://browser-intake-datadoghq.com/api/v2/rum?ddsource=browser&dd-api-key=pub8ca29b3e33c809a23704b2de928598cd&dd-evp-origin-version=6.33.0&dd-evp-origin=browser&dd-request-id=0b70a8c2-fb62-4deb-8170-d269dccf6adc&batch_time=1787751431275&_dd.api=fetch:0
[ 3921583ms] [ERROR] Failed to load resource: net::ERR_ADDRESS_UNREACHABLE @ https://bam.nr-data.net/jserrors/1/NRJS-df86b166cb1c30a043b?a=1036878683&v=1.320.1&to=YFNbNhRSV0pSVUdQX1kZeAESWlZXHENdUl5YQVc%3D&rst=3907724&ck=0&s=2b61ee7a2aa19abc&ref=https://mcstaging.fahorro.com/marketplace/provider/form&ptid=d0c1eda352fb9aaf:0
[ 3921584ms] [ERROR] Failed to load resource: net::ERR_ADDRESS_UNREACHABLE @ https://bam.nr-data.net/events/1/NRJS-df86b166cb1c30a043b?a=1036878683&v=1.320.1&to=YFNbNhRSV0pSVUdQX1kZeAESWlZXHENdUl5YQVc%3D&rst=3907726&ck=0&s=2b61ee7a2aa19abc&ref=https://mcstaging.fahorro.com/marketplace/provider/form&ptid=d0c1eda352fb9aaf:0
[ 3921585ms] [ERROR] Failed to load resource: net::ERR_ADDRESS_UNREACHABLE @ https://bam.nr-data.net/events/1/NRJS-df86b166cb1c30a043b?a=1036878683&v=1.320.1&to=YFNbNhRSV0pSVUdQX1kZeAESWlZXHENdUl5YQVc%3D&rst=3907729&ck=0&s=2b61ee7a2aa19abc&ref=https://mcstaging.fahorro.com/marketplace/provider/form&ptid=d0c1eda352fb9aaf:0
[ 3921586ms] [ERROR] Failed to load resource: net::ERR_ADDRESS_UNREACHABLE @ https://bam.nr-data.net/ins/1/NRJS-df86b166cb1c30a043b?a=1036878683&v=1.320.1&to=YFNbNhRSV0pSVUdQX1kZeAESWlZXHENdUl5YQVc%3D&rst=3907731&ck=0&s=2b61ee7a2aa19abc&ref=https://mcstaging.fahorro.com/marketplace/provider/form&ptid=d0c1eda352fb9aaf&at=TBRYQFxIREQ%3D:0
[ 4021697ms] [ERROR] Failed to load resource: net::ERR_NETWORK_IO_SUSPENDED @ https://bam.nr-data.net/jserrors/1/NRJS-df86b166cb1c30a043b?a=1036878683&v=1.320.1&to=YFNbNhRSV0pSVUdQX1kZeAESWlZXHENdUl5YQVc%3D&rst=4007804&ck=0&s=2b61ee7a2aa19abc&ref=https://mcstaging.fahorro.com/marketplace/provider/form&ptid=d0c1eda352fb9aaf:0
[ 4021729ms] [ERROR] Failed to load resource: net::ERR_NAME_NOT_RESOLVED @ https://browser-intake-datadoghq.com/api/v2/rum?ddsource=browser&dd-api-key=pub8ca29b3e33c809a23704b2de928598cd&dd-evp-origin-version=6.33.0&dd-evp-origin=browser&dd-request-id=3bfd8cfb-409a-4326-b4f3-a55ac9a5851c&batch_time=1787751532108&_dd.api=fetch:0
[ 4351314ms] [ERROR] Failed to load resource: the server responded with a status of 503 () @ https://mcstaging.fahorro.com/marketplace/provider/save/:0
[ 4351441ms] [ERROR] Failed to load resource: the server responded with a status of 503 () @ https://mcstaging.fahorro.com/customer/section/load/?sections=messages&force_new_section_timestamp=true&_=1787747524492:0
[ 4351466ms] Error: [object Object]
    at Object.<anonymous> (https://mcstaging.fahorro.com/static/version1787608120/frontend/Magento/base/default/Magento_Customer/js/customer-data.min.js:5:632)
    at fire (https://mcstaging.fahorro.com/static/version1787608120/base/Magento/base/default/jquery.min.js:210:231)
    at Object.fireWith [as rejectWith] (https://mcstaging.fahorro.com/static/version1787608120/base/Magento/base/default/jquery.min.js:216:181)
    at done (https://mcstaging.fahorro.com/static/version1787608120/base/Magento/base/default/jquery.min.js:627:166)
    at XMLHttpRequest.<anonymous> (https://mcstaging.fahorro.com/static/version1787608120/base/Magento/base/default/jquery.min.js:640:314)
    at XMLHttpRequest.nrWrapper (https://mcstaging.fahorro.com/marketplace/provider/form:566:20280)
    at XMLHttpRequest.nrWrapper (https://mcstaging.fahorro.com/static/version1787608120/frontend/Magento/base/default/Omnipro_NewRelic/js/lib/new-relic.min.js:286:164)
