[    3600ms] [LOG] inside index prod ==> /fda/api/v2/seller-onboarding @ https://webhook-sit.fahorro.com.mx/fda/api/v2/seller-onboarding/build/main.js:0
[    3743ms] [VERBOSE] [DOM] Password field is not contained in a form: (More info: https://goo.gl/9p2vKq) %o @ https://webhook-sit.fahorro.com.mx/fda/api/v2/seller-onboarding/login:0
[   38048ms] [LOG] TimeStamp: [2026-08-27T05:38:43.732Z] @ https://webhook-sit.fahorro.com.mx/fda/api/v2/seller-onboarding/build/main.js:0
[   38048ms] [LOG] Payload: {"email":"psamal@kognivera.com","password":"Samal@2001"} @ https://webhook-sit.fahorro.com.mx/fda/api/v2/seller-onboarding/build/main.js:0
[   39919ms] [LOG]  ROLES RESPONSE >>>>> {"allowed":true,"shippingcharges_allowed":false,"sellerNotification":true,"invoice_allowed":true} @ https://webhook-sit.fahorro.com.mx/fda/api/v2/seller-onboarding/build/main.js:0
[   73386ms] [WARNING] Form submission canceled because the form is not connected @ https://webhook-sit.fahorro.com.mx/fda/api/v2/seller-onboarding/preview/2020?view=true:0
[   85093ms] [WARNING] Form submission canceled because the form is not connected @ https://webhook-sit.fahorro.com.mx/fda/api/v2/seller-onboarding/preview/2020?view=true:0
[  110252ms] [LOG] ✅ Final data of StoreInformation Along with PersonalData and CompanyData: @ https://webhook-sit.fahorro.com.mx/fda/api/v2/seller-onboarding/build/main.js:0
[  110252ms] [LOG] {
  "id": "2020",
  "nombre": "Ana",
  "apellido": "Garcia",
  "correo": "psamal+full1787808808795001@kognivera.com",
  "rol": "Dueño",
  "pais": "MEX",
  "telefono": "+52 551 234 5678",
  "nombreComercial": "Bienestar Kognivera 1787808808797002",
  "razonSocial": "Bienestar Kognivera 1787808808797002 SA de CV",
  "rfc": "GODE041211XC3",
  "tipoEmpresa": "EMPRESA_PRIVADA",
  "calle": "Av. Insurgentes Sur",
  "codigoPostal": "03100",
  "colonia": "Del Valle Centro",
  "municipio": "Benito Juárez",
  "numeroExterior": "123",
  "numeroInterior": "",
  "ecommerce": "si",
  "ecommerceSite": "https://example.com",
  "marcaActiva": "si",
  "marcas": [
    "Bienestar Kognivera 1787808808797002"
  ],
  "sitiosVenta": [
    "AMAZON"
  ],
  "sitioOtro": "Otro",
  "sitiosVentaOptions": [
    {
      "value": "AMAZON",
      "label": "Amazon",
      "textField": false,
      "checked": true
    },
    {
      "value": "MERCADO_LIBRE",
      "label": "Mercado Libre",
      "textField": false,
      "checked": false
    },
    {
      "value": "LIVERPOOL",
      "label": "Liverpool",
      "textField": false,
      "checked": false
    },
    {
      "value": "WALMART",
      "label": "Walmart",
      "textField": false,
      "checked": false
    },
    {
      "value": "COPPEL",
      "label": "Coppel",
      "textField": false,
      "checked": false
    },
    {
      "value": "FARMACIAS_SAN_PABLO",
      "label": "Farmacias San Pablo",
      "textField": false,
      "checked": false
    },
    {
      "value": "FARMACIAS_GUADALAJARA",
      "label": "Farmacias Guadalajara",
      "textField": false,
      "checked": false
    },
    {
      "value": "FARMACIAS_SIMILARES",
      "label": "Farmacias Similares",
      "textField": false,
      "checked": false
    },
    {
      "value": "FARMACIAS_BENAVIDES",
      "label": "Farmacias Benavides",
      "textField": false,
      "checked": false
    },
    {
      "value": "PRIX",
      "label": "Prix",
      "textField": false,
      "checked": false
    },
    {
      "value": "NINGUNO",
      "label": "Ninguno",
      "textField": false,
      "checked": false
    },
    {
      "value": "OTRO",
      "label": "Otro",
      "textField": true,
      "checked": false
    }
  ],
  "categories": [
    "17221"
  ],
  "otherCategory": "",
  "otherText": "",
  "salesData": [
    {
      "commerceId": "AMAZON",
      "label": "AMAZON",
      "quantity": "100",
      "amount": "250",
      "catalogLink": "https://example.com/catalogo",
      "value": 100
    }
  ],
  "shipping": {
    "usesThirdParty": "si",
    "canDispatchFast": "si",
    "canSendToWarehouse": "si"
  },
  "warranty": "si",
  "returns": "si",
  "invoices": "si",
  "acceptTerms": true,
  "status": "PRE_APPROVAL_PENDING",
  "estado": "Ciudad de México"
} @ https://webhook-sit.fahorro.com.mx/fda/api/v2/seller-onboarding/build/main.js:0
[  110253ms] [LOG] {id: 2020, nombre: Ana, apellido: Garcia, correo: psamal+full1787808808795001@kognivera.com, rol: Dueño} check @ https://webhook-sit.fahorro.com.mx/fda/api/v2/seller-onboarding/build/main.js:0
[  110258ms] [LOG]  payloadRef updated: {id: 2020, nombre: Ana, apellido: Garcia, correo: psamal+full1787808808795001@kognivera.com, rol: Dueño} @ https://webhook-sit.fahorro.com.mx/fda/api/v2/seller-onboarding/build/main.js:0
[  110258ms] [WARNING] Form submission canceled because the form is not connected @ https://webhook-sit.fahorro.com.mx/fda/api/v2/seller-onboarding/preview/2020?view=true:0
[  145922ms] [LOG] {id: 2020, nombre: Ana, apellido: Garcia, correo: psamal+full1787808808795001@kognivera.com, rol: Dueño} check @ https://webhook-sit.fahorro.com.mx/fda/api/v2/seller-onboarding/build/main.js:0
[  179271ms] [LOG] === APPROVAL ACTION === @ https://webhook-sit.fahorro.com.mx/fda/api/v2/seller-onboarding/build/main.js:0
[  179271ms] [LOG] Action: APPROVE @ https://webhook-sit.fahorro.com.mx/fda/api/v2/seller-onboarding/build/main.js:0
[  179271ms] [LOG] Seller ID: 2020 @ https://webhook-sit.fahorro.com.mx/fda/api/v2/seller-onboarding/build/main.js:0
[  179271ms] [LOG] Approved: true @ https://webhook-sit.fahorro.com.mx/fda/api/v2/seller-onboarding/build/main.js:0
[  179271ms] [LOG] Payload Data at Approval Time: @ https://webhook-sit.fahorro.com.mx/fda/api/v2/seller-onboarding/build/main.js:0
[  179271ms] [LOG] {
  "id": "2020",
  "nombre": "Ana",
  "apellido": "Garcia",
  "correo": "psamal+full1787808808795001@kognivera.com",
  "rol": "Dueño",
  "pais": "MEX",
  "telefono": "+52 551 234 5678",
  "nombreComercial": "Bienestar Kognivera 1787808808797002",
  "razonSocial": "Bienestar Kognivera 1787808808797002 SA de CV",
  "rfc": "GODE041211XC3",
  "tipoEmpresa": "EMPRESA_PRIVADA",
  "calle": "Av. Insurgentes Sur",
  "codigoPostal": "03100",
  "colonia": "Del Valle Centro",
  "municipio": "Benito Juárez",
  "numeroExterior": "123",
  "numeroInterior": "",
  "ecommerce": "si",
  "ecommerceSite": "https://example.com",
  "marcaActiva": "si",
  "marcas": [
    "Bienestar Kognivera 1787808808797002"
  ],
  "sitiosVenta": [
    "AMAZON"
  ],
  "sitioOtro": "Otro",
  "sitiosVentaOptions": [
    {
      "value": "AMAZON",
      "label": "Amazon",
      "textField": false,
      "checked": true
    },
    {
      "value": "MERCADO_LIBRE",
      "label": "Mercado Libre",
      "textField": false,
      "checked": false
    },
    {
      "value": "LIVERPOOL",
      "label": "Liverpool",
      "textField": false,
      "checked": false
    },
    {
      "value": "WALMART",
      "label": "Walmart",
      "textField": false,
      "checked": false
    },
    {
      "value": "COPPEL",
      "label": "Coppel",
      "textField": false,
      "checked": false
    },
    {
      "value": "FARMACIAS_SAN_PABLO",
      "label": "Farmacias San Pablo",
      "textField": false,
      "checked": false
    },
    {
      "value": "FARMACIAS_GUADALAJARA",
      "label": "Farmacias Guadalajara",
      "textField": false,
      "checked": false
    },
    {
      "value": "FARMACIAS_SIMILARES",
      "label": "Farmacias Similares",
      "textField": false,
      "checked": false
    },
    {
      "value": "FARMACIAS_BENAVIDES",
      "label": "Farmacias Benavides",
      "textField": false,
      "checked": false
    },
    {
      "value": "PRIX",
      "label": "Prix",
      "textField": false,
      "checked": false
    },
    {
      "value": "NINGUNO",
      "label": "Ninguno",
      "textField": false,
      "checked": false
    },
    {
      "value": "OTRO",
      "label": "Otro",
      "textField": true,
      "checked": false
    }
  ],
  "categories": [
    "17221"
  ],
  "otherCategory": "",
  "otherText": "",
  "salesData": [
    {
      "commerceId": "AMAZON",
      "label": "AMAZON",
      "quantity": "100",
      "amount": "250",
      "catalogLink": "https://example.com/catalogo",
      "value": 100
    }
  ],
  "shipping": {
    "usesThirdParty": "si",
    "canDispatchFast": "si",
    "canSendToWarehouse": "si"
  },
  "warranty": "si",
  "returns": "si",
  "invoices": "si",
  "acceptTerms": true,
  "status": "PRE_APPROVAL_PENDING",
  "estado": "Ciudad de México"
} @ https://webhook-sit.fahorro.com.mx/fda/api/v2/seller-onboarding/build/main.js:0
[  179271ms] [LOG] Calling updateSellerState with: {sellerId: 2020, state: Ciudad de México} @ https://webhook-sit.fahorro.com.mx/fda/api/v2/seller-onboarding/build/main.js:0
[  179272ms] [LOG] TimeStamp: [2026-08-27T05:41:04.958Z] @ https://webhook-sit.fahorro.com.mx/fda/api/v2/seller-onboarding/build/main.js:0
[  179272ms] [LOG] Payload: {"sellerId":"2020","state":"Ciudad de México"} @ https://webhook-sit.fahorro.com.mx/fda/api/v2/seller-onboarding/build/main.js:0
[  179273ms] [LOG] {id: 2020, nombre: Ana, apellido: Garcia, correo: psamal+full1787808808795001@kognivera.com, rol: Dueño} check @ https://webhook-sit.fahorro.com.mx/fda/api/v2/seller-onboarding/build/main.js:0
[  180389ms] [LOG] Status updated successfully @ https://webhook-sit.fahorro.com.mx/fda/api/v2/seller-onboarding/build/main.js:0
[  180391ms] [LOG] {id: 2020, nombre: Ana, apellido: Garcia, correo: psamal+full1787808808795001@kognivera.com, rol: Dueño} check @ https://webhook-sit.fahorro.com.mx/fda/api/v2/seller-onboarding/build/main.js:0
[  180986ms] [LOG]  ROLES RESPONSE >>>>> {"allowed":true,"shippingcharges_allowed":false,"sellerNotification":true,"invoice_allowed":true} @ https://webhook-sit.fahorro.com.mx/fda/api/v2/seller-onboarding/build/main.js:0
