[     221ms] [LOG] Will not send fingerprint @ https://mcstaging.fahorro.com/marketplace/provider/form:565
[     221ms] [LOG] undefined @ https://mcstaging.fahorro.com/marketplace/provider/form:565
[    1422ms] Uncaught TypeError: Cannot read properties of null (reading 'cancelled')
    at a.finish (https://js-agent.newrelic.com/nr-spa-1216.min.js:0:29558)
    at <anonymous> (https://js-agent.newrelic.com/nr-spa-1216.min.js:1:2400)
    at <anonymous> (https://js-agent.newrelic.com/nr-spa-1216.min.js:0:4336)
    at r (https://js-agent.newrelic.com/nr-spa-1216.min.js:1:17448)
    at r (https://js-agent.newrelic.com/nr-spa-1216.min.js:0:4260)
    at n.exports (https://js-agent.newrelic.com/nr-spa-1216.min.js:0:4473)
    at n.exports (https://js-agent.newrelic.com/nr-spa-1216.min.js:0:5506)
    at <anonymous> (https://bam.nr-data.net/1/NRJS-df86b166cb1c30a043b?a=1036878683&v=1216.487a282&to=YFNbNhRSV0pSVUdQX1kZeAESWlZXHENdUl5YQVc%3D&rst=1127&ck=1&ref=https://mcstaging.fahorro.com/marketplace/provider/form&ap=1537&be=126&fe=1106&dc=137&af=err,xhr,stn,ins,spa&perf=%7B%22timing%22:%7B%22of%22:1787754264257,%22n%22:0,%22u%22:90,%22ue%22:90,%22f%22:33,%22dn%22:33,%22dne%22:33,%22c%22:33,%22ce%22:33,%22rq%22:34,%22rp%22:73,%22rpe%22:81,%22dl%22:96,%22di%22:133,%22ds%22:138,%22de%22:138,%22dc%22:1105,%22l%22:1105,%22le%22:1107%7D,%22navigation%22:%7B%7D%7D&fp=136&at=TBRYQFxIREQ%3D&jsonp=NREUM.setToken:0:6)
[ 1686456ms] [ERROR] Failed to load resource: net::ERR_NAME_NOT_RESOLVED @ https://bam.nr-data.net/jserrors/1/NRJS-df86b166cb1c30a043b?a=1036878683&v=1.320.1&to=YFNbNhRSV0pSVUdQX1kZeAESWlZXHENdUl5YQVc%3D&rst=1686431&ck=0&s=2b61ee7a2aa19abc&ref=https://mcstaging.fahorro.com/marketplace/provider/form&ptid=c94475d23e26c81b:0
[ 1686507ms] [ERROR] Failed to load resource: net::ERR_NAME_NOT_RESOLVED @ https://bam.nr-data.net/events/1/NRJS-df86b166cb1c30a043b?a=1036878683&v=1.320.1&to=YFNbNhRSV0pSVUdQX1kZeAESWlZXHENdUl5YQVc%3D&rst=1686433&ck=0&s=2b61ee7a2aa19abc&ref=https://mcstaging.fahorro.com/marketplace/provider/form&ptid=c94475d23e26c81b:0
[ 1686508ms] [ERROR] Failed to load resource: net::ERR_NAME_NOT_RESOLVED @ https://browser-intake-datadoghq.com/api/v2/rum?ddsource=browser&dd-api-key=pub8ca29b3e33c809a23704b2de928598cd&dd-evp-origin-version=6.33.0&dd-evp-origin=browser&dd-request-id=6ab57588-a9a6-4392-aff3-276589c73c59&batch_time=1787755950694&_dd.api=fetch:0
[ 3952698ms] [ERROR] Failed to load resource: net::ERR_NAME_NOT_RESOLVED @ https://browser-intake-datadoghq.com/api/v2/rum?ddsource=browser&dd-api-key=pub8ca29b3e33c809a23704b2de928598cd&dd-evp-origin-version=6.33.0&dd-evp-origin=browser&dd-request-id=bc7bab83-6109-4f1c-b7c3-ee1394f3ff22&batch_time=1787758216742&_dd.api=fetch:0
[ 3952699ms] [ERROR] Failed to load resource: net::ERR_NAME_NOT_RESOLVED @ https://browser-intake-datadoghq.com/api/v2/replay?ddsource=browser&dd-api-key=pub8ca29b3e33c809a23704b2de928598cd&dd-evp-origin-version=6.33.0&dd-evp-origin=browser&dd-request-id=d2727bf0-db3a-47f8-9d43-1a0522139940:0
[ 3952748ms] [ERROR] Failed to load resource: net::ERR_NAME_NOT_RESOLVED @ https://bam.nr-data.net/jserrors/1/NRJS-df86b166cb1c30a043b?a=1036878683&v=1.320.1&to=YFNbNhRSV0pSVUdQX1kZeAESWlZXHENdUl5YQVc%3D&rst=3952492&ck=0&s=2b61ee7a2aa19abc&ref=https://mcstaging.fahorro.com/marketplace/provider/form&ptid=c94475d23e26c81b:0
[ 3952749ms] [ERROR] Failed to load resource: net::ERR_NAME_NOT_RESOLVED @ https://bam.nr-data.net/events/1/NRJS-df86b166cb1c30a043b?a=1036878683&v=1.320.1&to=YFNbNhRSV0pSVUdQX1kZeAESWlZXHENdUl5YQVc%3D&rst=3952496&ck=0&s=2b61ee7a2aa19abc&ref=https://mcstaging.fahorro.com/marketplace/provider/form&ptid=c94475d23e26c81b:0
[18792283ms] [ERROR] Failed to load resource: net::ERR_NETWORK_IO_SUSPENDED @ https://bam.nr-data.net/jserrors/1/NRJS-df86b166cb1c30a043b?a=1036878683&v=1.320.1&to=YFNbNhRSV0pSVUdQX1kZeAESWlZXHENdUl5YQVc%3D&rst=18792255&ck=0&s=6da86ce3c1e9d38e&ref=https://mcstaging.fahorro.com/marketplace/provider/form&ptid=c94475d23e26c81b:0
[18792287ms] [ERROR] Failed to load resource: net::ERR_NETWORK_IO_SUSPENDED @ https://bam.nr-data.net/events/1/NRJS-df86b166cb1c30a043b?a=1036878683&v=1.320.1&to=YFNbNhRSV0pSVUdQX1kZeAESWlZXHENdUl5YQVc%3D&rst=18792258&ck=0&s=6da86ce3c1e9d38e&ref=https://mcstaging.fahorro.com/marketplace/provider/form&ptid=c94475d23e26c81b:0
